// Jest Snapshot v1, https://goo.gl/fbAQLP

exports[`Render Router 1`] = `
<BrowserRouter>
  <div
    data-loaded={false}
    data-loading={false}
    id="Router"
  >
    <Header />
    <Switch>
      <Route
        component={[Function]}
        exact={true}
        path="/"
      />
      <Route
        component={[Function]}
        exact={true}
        path="/cs-basics"
      />
      <Route
        component={[Function]}
        exact={true}
        path="/programming"
      />
      <Route
        component={[Function]}
        exact={true}
        path="/math"
      />
      <Route
        component={[Function]}
        exact={true}
        path="/systems"
      />
      <Route
        component={[Function]}
        exact={true}
        path="/theory"
      />
      <Route
        component={[Function]}
        exact={true}
        path="/applications"
      />
      <Route
        component={[Function]}
        exact={true}
        path="/unix"
      />
      <Route
        component={[Function]}
        path="/*"
      />
    </Switch>
    <Footer />
  </div>
</BrowserRouter>
`;
