// Jest Snapshot v1, https://goo.gl/fbAQLP

exports[`Render Navigation component 1`] = `
<section
  id="Navigation"
>
  <Connect(HomeButton) />
  <DesktopNavigation
    links={
      Array [
        Object {
          "href": "/cs-basics",
          "internal": true,
          "text": "CS Basics",
        },
        Object {
          "href": "/programming",
          "internal": true,
          "text": "Programming",
        },
        Object {
          "href": "/math",
          "internal": true,
          "text": "Math",
        },
        Object {
          "href": "/systems",
          "internal": true,
          "text": "Systems",
        },
        Object {
          "href": "/theory",
          "internal": true,
          "text": "Theory",
        },
        Object {
          "href": "/applications",
          "internal": true,
          "text": "Applications",
        },
        Object {
          "href": "/unix",
          "internal": true,
          "text": "Unix",
        },
        Object {
          "href": "https://github.com/RobbyB97/JavascriptReactBoilerplate",
          "internal": false,
          "text": "View on GitHub",
        },
      ]
    }
  />
  <Connect(MobileNavigation)
    links={
      Array [
        Object {
          "href": "/cs-basics",
          "internal": true,
          "text": "CS Basics",
        },
        Object {
          "href": "/programming",
          "internal": true,
          "text": "Programming",
        },
        Object {
          "href": "/math",
          "internal": true,
          "text": "Math",
        },
        Object {
          "href": "/systems",
          "internal": true,
          "text": "Systems",
        },
        Object {
          "href": "/theory",
          "internal": true,
          "text": "Theory",
        },
        Object {
          "href": "/applications",
          "internal": true,
          "text": "Applications",
        },
        Object {
          "href": "/unix",
          "internal": true,
          "text": "Unix",
        },
        Object {
          "href": "https://github.com/RobbyB97/JavascriptReactBoilerplate",
          "internal": false,
          "text": "View on GitHub",
        },
      ]
    }
  />
</section>
`;
